MPLINK 4.49, Linker
Linker Map File - Created Sun Nov 15 22:08:23 2020

                                 Section Info
                  Section       Type    Address   Location Size(Bytes)
                ---------  ---------  ---------  ---------  ---------
                   .org_0       code   0x000000    program   0x000000
                   .org_1       code   0x000000    program   0x000004
                   .org_2       code   0x000008    program   0x000002
                   .org_3       code   0x000018    program   0x000020



                              Program Memory Usage 
                               Start         End      
                           ---------   ---------      
                            0x000000    0x000003      
                            0x000008    0x000009      
                            0x000018    0x000037      
            38 out of 33048 program addresses used, program memory utilization is 0%



                              Symbols - Sorted by Name
                     Name    Address   Location    Storage File                     
                ---------  ---------  ---------  --------- ---------                
                     LED1   0x000022    program     static D:\Sem 1 20-21\Microcontroller\MPLAB\quiz7.asm
                     LED2   0x000028    program     static D:\Sem 1 20-21\Microcontroller\MPLAB\quiz7.asm
                lightLED1   0x000030    program     static D:\Sem 1 20-21\Microcontroller\MPLAB\quiz7.asm
                lightLED2   0x000034    program     static D:\Sem 1 20-21\Microcontroller\MPLAB\quiz7.asm
                    start   0x00001a    program     static D:\Sem 1 20-21\Microcontroller\MPLAB\quiz7.asm



                              Symbols - Sorted by Address
                     Name    Address   Location    Storage File                     
                ---------  ---------  ---------  --------- ---------                
                    start   0x00001a    program     static D:\Sem 1 20-21\Microcontroller\MPLAB\quiz7.asm
                     LED1   0x000022    program     static D:\Sem 1 20-21\Microcontroller\MPLAB\quiz7.asm
                     LED2   0x000028    program     static D:\Sem 1 20-21\Microcontroller\MPLAB\quiz7.asm
                lightLED1   0x000030    program     static D:\Sem 1 20-21\Microcontroller\MPLAB\quiz7.asm
                lightLED2   0x000034    program     static D:\Sem 1 20-21\Microcontroller\MPLAB\quiz7.asm


